d:\shuju\fixedpartitionmemory\fixedpartitionmemory\x64\debug\vc143.pdb
d:\shuju\fixedpartitionmemory\fixedpartitionmemory\x64\debug\vc143.idb
d:\shuju\fixedpartitionmemory\fixedpartitionmemory\x64\debug\scheduler.obj
d:\shuju\fixedpartitionmemory\fixedpartitionmemory\x64\debug\process.obj
d:\shuju\fixedpartitionmemory\fixedpartitionmemory\x64\debug\partition.obj
d:\shuju\fixedpartitionmemory\fixedpartitionmemory\x64\debug\memory.obj
d:\shuju\fixedpartitionmemory\fixedpartitionmemory\x64\debug\log.obj
d:\shuju\fixedpartitionmemory\fixedpartitionmemory\x64\debug\compact.obj
d:\shuju\fixedpartitionmemory\fixedpartitionmemory\x64\debug\demo.obj
d:\shuju\fixedpartitionmemory\fixedpartitionmemory\x64\debug\init.obj
d:\shuju\fixedpartitionmemory\x64\debug\fixedpartitionmemory.pdb
d:\shuju\fixedpartitionmemory\fixedpartitionmemory\x64\debug\fixedpar.413d271e.tlog\cl.command.1.tlog
d:\shuju\fixedpartitionmemory\fixedpartitionmemory\x64\debug\fixedpar.413d271e.tlog\cl.read.1.tlog
d:\shuju\fixedpartitionmemory\fixedpartitionmemory\x64\debug\fixedpar.413d271e.tlog\cl.write.1.tlog
d:\shuju\fixedpartitionmemory\fixedpartitionmemory\x64\debug\fixedpar.413d271e.tlog\link-cvtres.read.1.tlog
d:\shuju\fixedpartitionmemory\fixedpartitionmemory\x64\debug\fixedpar.413d271e.tlog\link-cvtres.write.1.tlog
d:\shuju\fixedpartitionmemory\fixedpartitionmemory\x64\debug\fixedpar.413d271e.tlog\link-rc.read.1.tlog
d:\shuju\fixedpartitionmemory\fixedpartitionmemory\x64\debug\fixedpar.413d271e.tlog\link-rc.write.1.tlog
d:\shuju\fixedpartitionmemory\fixedpartitionmemory\x64\debug\fixedpar.413d271e.tlog\link.command.1.tlog
d:\shuju\fixedpartitionmemory\fixedpartitionmemory\x64\debug\fixedpar.413d271e.tlog\link.read.1.tlog
d:\shuju\fixedpartitionmemory\fixedpartitionmemory\x64\debug\fixedpar.413d271e.tlog\link.read.2.tlog
d:\shuju\fixedpartitionmemory\fixedpartitionmemory\x64\debug\fixedpar.413d271e.tlog\link.read.3.tlog
d:\shuju\fixedpartitionmemory\fixedpartitionmemory\x64\debug\fixedpar.413d271e.tlog\link.read.4.tlog
d:\shuju\fixedpartitionmemory\fixedpartitionmemory\x64\debug\fixedpar.413d271e.tlog\link.read.5.tlog
d:\shuju\fixedpartitionmemory\fixedpartitionmemory\x64\debug\fixedpar.413d271e.tlog\link.write.1.tlog
